
> backend@1.0.0 start
> node src/server.js

[dotenv@17.3.1] injecting env (18) from .env -- tip: ⚙️  write to custom object with { processEnv: myObject }
[dotenv@17.3.1] injecting env (0) from .env -- tip: ⚙️  override existing env vars with { override: true }
[dotenv@17.3.1] injecting env (0) from .env -- tip: ⚙️  specify custom .env file path with { path: '/custom/path/.env' }
[dotenv@17.3.1] injecting env (0) from .env -- tip: ⚙️  enable debug logging with { debug: true }
✅ Follow-up scheduler started (cron: */1 * * * *)
Database connected
Server running on port 5000
[followupService] Running scheduled follow-up check at 2026-05-26T06:14:00.846Z
[followupService] No leads due for follow-up at 2026-05-26T06:14:02.924Z
[followupService] Running scheduled follow-up check at 2026-05-26T06:15:00.468Z
[followupService] No leads due for follow-up at 2026-05-26T06:15:02.993Z
[followupService] Running scheduled follow-up check at 2026-05-26T06:16:00.038Z
[followupService] No leads due for follow-up at 2026-05-26T06:16:03.509Z
[followupService] Running scheduled follow-up check at 2026-05-26T06:17:00.506Z
[followupService] No leads due for follow-up at 2026-05-26T06:17:02.695Z
[followupService] Running scheduled follow-up check at 2026-05-26T06:18:00.144Z
[followupService] No leads due for follow-up at 2026-05-26T06:18:02.336Z
[followupService] Running scheduled follow-up check at 2026-05-26T06:19:00.846Z
[followupService] No leads due for follow-up at 2026-05-26T06:19:02.603Z
[followupService] Running scheduled follow-up check at 2026-05-26T06:20:00.563Z
[followupService] No leads due for follow-up at 2026-05-26T06:20:02.866Z
[followupService] Running scheduled follow-up check at 2026-05-26T06:21:00.094Z
[followupService] No leads due for follow-up at 2026-05-26T06:21:02.414Z
[followupService] Running scheduled follow-up check at 2026-05-26T06:22:00.688Z
[followupService] No leads due for follow-up at 2026-05-26T06:22:03.186Z
[followupService] Running scheduled follow-up check at 2026-05-26T06:23:00.501Z
[followupService] No leads due for follow-up at 2026-05-26T06:23:03.861Z
[followupService] Running scheduled follow-up check at 2026-05-26T06:24:00.129Z
[followupService] No leads due for follow-up at 2026-05-26T06:24:05.995Z
[followupService] Running scheduled follow-up check at 2026-05-26T06:25:00.789Z
[followupService] No leads due for follow-up at 2026-05-26T06:25:02.382Z
[followupService] Running scheduled follow-up check at 2026-05-26T06:26:00.411Z
[followupService] No leads due for follow-up at 2026-05-26T06:26:02.389Z
[followupService] Running scheduled follow-up check at 2026-05-26T06:27:00.993Z
[followupService] No leads due for follow-up at 2026-05-26T06:27:02.865Z
[followupService] Running scheduled follow-up check at 2026-05-26T06:28:00.450Z
[followupService] No leads due for follow-up at 2026-05-26T06:28:03.076Z
[followupService] Running scheduled follow-up check at 2026-05-26T06:29:00.961Z
[followupService] No leads due for follow-up at 2026-05-26T06:29:03.393Z
[followupService] Running scheduled follow-up check at 2026-05-26T06:30:00.320Z
[followupService] No leads due for follow-up at 2026-05-26T06:30:02.885Z
[followupService] Running scheduled follow-up check at 2026-05-26T06:31:00.742Z
[followupService] No leads due for follow-up at 2026-05-26T06:31:03.269Z
[followupService] Running scheduled follow-up check at 2026-05-26T06:32:00.181Z
[followupService] No leads due for follow-up at 2026-05-26T06:32:02.694Z
[followupService] Running scheduled follow-up check at 2026-05-26T06:33:00.527Z
[followupService] No leads due for follow-up at 2026-05-26T06:33:02.126Z
[followupService] Running scheduled follow-up check at 2026-05-26T06:34:00.078Z
[followupService] No leads due for follow-up at 2026-05-26T06:34:03.525Z
[followupService] Running scheduled follow-up check at 2026-05-26T06:35:00.465Z
[followupService] No leads due for follow-up at 2026-05-26T06:35:02.990Z
[followupService] Running scheduled follow-up check at 2026-05-26T06:36:00.891Z
[followupService] No leads due for follow-up at 2026-05-26T06:36:04.766Z
[followupService] Running scheduled follow-up check at 2026-05-26T06:37:00.387Z
[followupService] No leads due for follow-up at 2026-05-26T06:37:02.480Z
[followupService] Running scheduled follow-up check at 2026-05-26T06:38:00.750Z
[followupService] No leads due for follow-up at 2026-05-26T06:38:03.441Z
[followupService] Running scheduled follow-up check at 2026-05-26T06:39:00.151Z
[followupService] No leads due for follow-up at 2026-05-26T06:39:03.557Z
[followupService] Running scheduled follow-up check at 2026-05-26T06:40:00.534Z
[followupService] No leads due for follow-up at 2026-05-26T06:40:03.770Z
[followupService] Running scheduled follow-up check at 2026-05-26T06:41:00.061Z
[followupService] No leads due for follow-up at 2026-05-26T06:41:02.661Z
[followupService] Running scheduled follow-up check at 2026-05-26T06:42:00.543Z
[followupService] No leads due for follow-up at 2026-05-26T06:42:02.963Z
[followupService] Running scheduled follow-up check at 2026-05-26T06:43:00.282Z
[followupService] No leads due for follow-up at 2026-05-26T06:43:03.688Z
[followupService] Running scheduled follow-up check at 2026-05-26T06:44:00.822Z
[followupService] No leads due for follow-up at 2026-05-26T06:44:02.391Z
[followupService] Running scheduled follow-up check at 2026-05-26T06:45:00.550Z
[followupService] No leads due for follow-up at 2026-05-26T06:45:03.086Z
[followupService] Running scheduled follow-up check at 2026-05-26T06:46:00.096Z
[followupService] No leads due for follow-up at 2026-05-26T06:46:03.718Z
[followupService] Running scheduled follow-up check at 2026-05-26T06:47:00.461Z
[followupService] No leads due for follow-up at 2026-05-26T06:47:02.800Z
[followupService] Running scheduled follow-up check at 2026-05-26T06:48:00.880Z
[followupService] No leads due for follow-up at 2026-05-26T06:48:02.816Z
[followupService] Running scheduled follow-up check at 2026-05-26T06:49:00.449Z
[followupService] No leads due for follow-up at 2026-05-26T06:49:00.470Z
[followupService] Running scheduled follow-up check at 2026-05-26T06:50:00.893Z
[followupService] No leads due for follow-up at 2026-05-26T06:50:03.427Z
[followupService] Running scheduled follow-up check at 2026-05-26T06:51:00.403Z
[followupService] No leads due for follow-up at 2026-05-26T06:51:03.132Z
[followupService] Running scheduled follow-up check at 2026-05-26T06:52:00.885Z
[followupService] No leads due for follow-up at 2026-05-26T06:52:03.344Z
[followupService] Running scheduled follow-up check at 2026-05-26T06:53:00.374Z
[followupService] No leads due for follow-up at 2026-05-26T06:53:03.753Z
[followupService] Running scheduled follow-up check at 2026-05-26T06:54:00.847Z
[followupService] No leads due for follow-up at 2026-05-26T06:54:03.220Z
[followupService] Running scheduled follow-up check at 2026-05-26T06:55:00.252Z
[followupService] No leads due for follow-up at 2026-05-26T06:55:02.958Z
[followupService] Running scheduled follow-up check at 2026-05-26T06:56:00.651Z
[followupService] No leads due for follow-up at 2026-05-26T06:56:02.213Z
[followupService] Running scheduled follow-up check at 2026-05-26T06:57:00.109Z
[followupService] No leads due for follow-up at 2026-05-26T06:57:02.653Z
[followupService] Running scheduled follow-up check at 2026-05-26T06:58:00.469Z
[followupService] No leads due for follow-up at 2026-05-26T06:58:02.836Z
[followupService] Running scheduled follow-up check at 2026-05-26T06:59:00.913Z
[followupService] No leads due for follow-up at 2026-05-26T06:59:03.383Z
[followupService] Running scheduled follow-up check at 2026-05-26T07:00:00.260Z
[followupService] No leads due for follow-up at 2026-05-26T07:00:02.880Z
[followupService] Running scheduled follow-up check at 2026-05-26T07:01:00.675Z
[followupService] No leads due for follow-up at 2026-05-26T07:01:03.309Z
[followupService] Running scheduled follow-up check at 2026-05-26T07:02:00.016Z
[followupService] No leads due for follow-up at 2026-05-26T07:02:01.858Z
[followupService] Running scheduled follow-up check at 2026-05-26T07:03:00.498Z
[followupService] No leads due for follow-up at 2026-05-26T07:03:03.163Z
[followupService] Running scheduled follow-up check at 2026-05-26T07:04:00.996Z
[followupService] No leads due for follow-up at 2026-05-26T07:04:13.991Z
[followupService] Running scheduled follow-up check at 2026-05-26T07:05:00.683Z
[followupService] No leads due for follow-up at 2026-05-26T07:05:10.606Z
[followupService] Running scheduled follow-up check at 2026-05-26T07:06:00.152Z
[followupService] No leads due for follow-up at 2026-05-26T07:06:02.713Z
[followupService] Running scheduled follow-up check at 2026-05-26T07:07:00.712Z
[followupService] No leads due for follow-up at 2026-05-26T07:07:04.976Z
[followupService] Running scheduled follow-up check at 2026-05-26T07:08:00.354Z
[followupService] No leads due for follow-up at 2026-05-26T07:08:02.725Z
[followupService] Running scheduled follow-up check at 2026-05-26T07:09:00.893Z
[followupService] No leads due for follow-up at 2026-05-26T07:09:03.349Z
[followupService] Running scheduled follow-up check at 2026-05-26T07:10:00.253Z
[followupService] No leads due for follow-up at 2026-05-26T07:10:02.739Z
[followupService] Running scheduled follow-up check at 2026-05-26T07:11:00.628Z
[followupService] No leads due for follow-up at 2026-05-26T07:11:03.155Z
[followupService] Running scheduled follow-up check at 2026-05-26T07:12:00.975Z
[followupService] No leads due for follow-up at 2026-05-26T07:12:03.335Z
